$ timeout 20s bash -c cd\ \'/tmp/fluttware-host-control.xeEYBU/control_app\'\ \&\&\ HOME=\'/tmp/fluttware-host-control.xeEYBU/home\'\ PUB_CACHE=\'/tmp/fluttware-host-control.xeEYBU/home/.pub-cache\'\ FLUTTER_ROOT=\'/home/miki-m/flutter\'\ FLUTTER_ALREADY_LOCKED=true\ \'/home/miki-m/flutter/bin/cache/dart-sdk/bin/dart\'\ --packages=\'/home/miki-m/flutter/packages/flutter_tools/.dart_tool/package_config.json\'\ \'/home/miki-m/flutter/bin/cache/flutter_tools.snapshot\'\ --suppress-analytics\ pub\ get\ --verbose
[  +22 ms] executing: uname -m
[   +8 ms] Exit code 0 from: uname -m
[        ] x86_64
[   +8 ms] Artifact Instance of 'MaterialFonts' is not required, skipping update.
[        ] Artifact Instance of 'GradleWrapper' is not required, skipping update.
[        ] Artifact Instance of 'AndroidGenSnapshotArtifacts' is not required, skipping update.
[        ] Artifact Instance of 'AndroidInternalBuildArtifacts' is not required, skipping update.
[        ] Artifact Instance of 'IOSEngineArtifacts' is not required, skipping update.
[        ] Artifact Instance of 'FlutterWebSdk' is not required, skipping update.
[        ] Artifact Instance of 'LegacyCanvasKitRemover' is not required, skipping update.
[        ] Artifact Instance of 'FlutterSdk' is not required, skipping update.
[        ] Artifact Instance of 'WindowsEngineArtifacts' is not required, skipping update.
[        ] Artifact Instance of 'MacOSEngineArtifacts' is not required, skipping update.
[        ] Artifact Instance of 'LinuxEngineArtifacts' is not required, skipping update.
[        ] Artifact Instance of 'LinuxFuchsiaSDKArtifacts' is not required, skipping update.
[        ] Artifact Instance of 'MacOSFuchsiaSDKArtifacts' is not required, skipping update.
[        ] Artifact Instance of 'FlutterRunnerSDKArtifacts' is not required, skipping update.
[        ] Artifact Instance of 'FlutterRunnerDebugSymbols' is not required, skipping update.
[        ] Artifact Instance of 'IosUsbArtifacts' is not required, skipping update.
[        ] Artifact Instance of 'IosUsbArtifacts' is not required, skipping update.
[        ] Artifact Instance of 'IosUsbArtifacts' is not required, skipping update.
[        ] Artifact Instance of 'IosUsbArtifacts' is not required, skipping update.
[        ] Artifact Instance of 'IosUsbArtifacts' is not required, skipping update.
[        ] Artifact Instance of 'IosUsbArtifacts' is not required, skipping update.
[        ] Artifact Instance of 'FontSubsetArtifacts' is not required, skipping update.
[        ] Artifact Instance of 'PubDependencies' is not required, skipping update.
[        ] executing: [/home/miki-m/flutter/] git -c log.showSignature=false log HEAD -n 1 --pretty=format:%ad --date=iso
[   +6 ms] Exit code 0 from: git -c log.showSignature=false log HEAD -n 1 --pretty=format:%ad --date=iso
[        ] 2026-07-23 10:56:21 -0700
[  +14 ms] Artifact Instance of 'AndroidGenSnapshotArtifacts' is not required, skipping update.
[        ] Artifact Instance of 'AndroidInternalBuildArtifacts' is not required, skipping update.
[        ] Artifact Instance of 'IOSEngineArtifacts' is not required, skipping update.
[        ] Artifact Instance of 'FlutterWebSdk' is not required, skipping update.
[        ] Artifact Instance of 'FlutterEngineStamp' is not required, skipping update.
[        ] Artifact Instance of 'LegacyCanvasKitRemover' is not required, skipping update.
[   +1 ms] Artifact Instance of 'WindowsEngineArtifacts' is not required, skipping update.
[        ] Artifact Instance of 'MacOSEngineArtifacts' is not required, skipping update.
[        ] Artifact Instance of 'LinuxEngineArtifacts' is not required, skipping update.
[        ] Artifact Instance of 'LinuxFuchsiaSDKArtifacts' is not required, skipping update.
[        ] Artifact Instance of 'MacOSFuchsiaSDKArtifacts' is not required, skipping update.
[        ] Artifact Instance of 'FlutterRunnerSDKArtifacts' is not required, skipping update.
[        ] Artifact Instance of 'FlutterRunnerDebugSymbols' is not required, skipping update.
[  +28 ms] The new artifact "libimobiledevice" was downloaded, but Flutter failed to update its stamp file, receiving the error "FileSystemException: Cannot open file, path = '/home/miki-m/flutter/bin/cache/libimobiledevice.stamp' (OS Error: Read-only file system, errno = 30)". Flutter can continue, but the artifact may be re-downloaded on subsequent invocations until the problem is resolved.
[   +1 ms] The new artifact "libusbmuxd" was downloaded, but Flutter failed to update its stamp file, receiving the error "FileSystemException: Cannot open file, path = '/home/miki-m/flutter/bin/cache/libusbmuxd.stamp' (OS Error: Read-only file system, errno = 30)". Flutter can continue, but the artifact may be re-downloaded on subsequent invocations until the problem is resolved.
[        ] Artifact Instance of 'MaterialFonts' is not required, skipping update.
[        ] Artifact Instance of 'GradleWrapper' is not required, skipping update.
[        ] Artifact Instance of 'AndroidGenSnapshotArtifacts' is not required, skipping update.
[        ] Artifact Instance of 'AndroidInternalBuildArtifacts' is not required, skipping update.
[        ] Artifact Instance of 'IOSEngineArtifacts' is not required, skipping update.
[        ] Artifact Instance of 'FlutterWebSdk' is not required, skipping update.
[        ] Artifact Instance of 'FlutterEngineStamp' is not required, skipping update.
[        ] Artifact Instance of 'LegacyCanvasKitRemover' is not required, skipping update.
[        ] Artifact Instance of 'FlutterSdk' is not required, skipping update.
[        ] Artifact Instance of 'WindowsEngineArtifacts' is not required, skipping update.
[        ] Artifact Instance of 'MacOSEngineArtifacts' is not required, skipping update.
[        ] Artifact Instance of 'LinuxEngineArtifacts' is not required, skipping update.
[        ] Artifact Instance of 'LinuxFuchsiaSDKArtifacts' is not required, skipping update.
[        ] Artifact Instance of 'MacOSFuchsiaSDKArtifacts' is not required, skipping update.
[        ] Artifact Instance of 'FlutterRunnerSDKArtifacts' is not required, skipping update.
[        ] Artifact Instance of 'FlutterRunnerDebugSymbols' is not required, skipping update.
[        ] Artifact Instance of 'IosUsbArtifacts' is not required, skipping update.
[        ] Artifact Instance of 'IosUsbArtifacts' is not required, skipping update.
[        ] Artifact Instance of 'IosUsbArtifacts' is not required, skipping update.
[        ] Artifact Instance of 'IosUsbArtifacts' is not required, skipping update.
[        ] Artifact Instance of 'IosUsbArtifacts' is not required, skipping update.
[        ] Artifact Instance of 'IosUsbArtifacts' is not required, skipping update.
[        ] Artifact Instance of 'FontSubsetArtifacts' is not required, skipping update.
[        ] Artifact Instance of 'PubDependencies' is not required, skipping update.
[  +15 ms] executing: [/tmp/fluttware-host-control.xeEYBU/control_app/] /home/miki-m/flutter/bin/cache/dart-sdk/bin/dart pub --suppress-analytics get --verbose --example --directory .
FINE: Pub 3.12.2
MSG : Resolving dependencies...
SLVR: fact: control_app is 1.0.0+1
SLVR: derived: control_app
SLVR: fact: control_app depends on flutter from sdk
SLVR: fact: control_app depends on cupertino_icons ^1.0.8
SLVR: fact: control_app depends on flutter_test from sdk
SLVR: fact: control_app depends on flutter_lints ^6.0.0
SLVR:   selecting control_app
SLVR:   derived: flutter_lints ^6.0.0
SLVR:   derived: flutter_test from sdk
SLVR:   derived: cupertino_icons ^1.0.8
SLVR:   derived: flutter from sdk
IO  : Get versions from https://pub.dev/api/packages/cupertino_icons.
IO  : Get versions from https://pub.dev/api/packages/flutter_lints.
IO  : HTTP GET https://pub.dev/api/packages/cupertino_icons
    | Accept: application/vnd.pub.v2+json
    | user-agent: Dart pub 3.12.2
IO  : HTTP GET https://pub.dev/api/packages/flutter_lints
    | Accept: application/vnd.pub.v2+json
    | user-agent: Dart pub 3.12.2
IO  : Attempt #2 for fetching versions for "cupertino_icons" from "https://pub.dev/api/packages/cupertino_icons"
IO  : Attempt #2 for fetching versions for "flutter_lints" from "https://pub.dev/api/packages/flutter_lints"
IO  : HTTP GET https://pub.dev/api/packages/cupertino_icons
    | Accept: application/vnd.pub.v2+json
    | user-agent: Dart pub 3.12.2
IO  : HTTP GET https://pub.dev/api/packages/flutter_lints
    | Accept: application/vnd.pub.v2+json
    | user-agent: Dart pub 3.12.2
IO  : Attempt #3 for fetching versions for "cupertino_icons" from "https://pub.dev/api/packages/cupertino_icons"
IO  : Attempt #3 for fetching versions for "flutter_lints" from "https://pub.dev/api/packages/flutter_lints"
IO  : HTTP GET https://pub.dev/api/packages/flutter_lints
    | Accept: application/vnd.pub.v2+json
    | user-agent: Dart pub 3.12.2
IO  : Attempt #4 for fetching versions for "flutter_lints" from "https://pub.dev/api/packages/flutter_lints"
IO  : HTTP GET https://pub.dev/api/packages/cupertino_icons
    | Accept: application/vnd.pub.v2+json
    | user-agent: Dart pub 3.12.2
IO  : Attempt #4 for fetching versions for "cupertino_icons" from "https://pub.dev/api/packages/cupertino_icons"
IO  : HTTP GET https://pub.dev/api/packages/flutter_lints
    | Accept: application/vnd.pub.v2+json
    | user-agent: Dart pub 3.12.2
IO  : Attempt #5 for fetching versions for "flutter_lints" from "https://pub.dev/api/packages/flutter_lints"
IO  : HTTP GET https://pub.dev/api/packages/cupertino_icons
    | Accept: application/vnd.pub.v2+json
    | user-agent: Dart pub 3.12.2
IO  : Attempt #5 for fetching versions for "cupertino_icons" from "https://pub.dev/api/packages/cupertino_icons"
IO  : HTTP GET https://pub.dev/api/packages/flutter_lints
    | Accept: application/vnd.pub.v2+json
    | user-agent: Dart pub 3.12.2
IO  : Attempt #6 for fetching versions for "flutter_lints" from "https://pub.dev/api/packages/flutter_lints"
IO  : HTTP GET https://pub.dev/api/packages/cupertino_icons
    | Accept: application/vnd.pub.v2+json
    | user-agent: Dart pub 3.12.2
IO  : Attempt #6 for fetching versions for "cupertino_icons" from "https://pub.dev/api/packages/cupertino_icons"
IO  : HTTP GET https://pub.dev/api/packages/cupertino_icons
    | Accept: application/vnd.pub.v2+json
    | user-agent: Dart pub 3.12.2
IO  : Attempt #7 for fetching versions for "cupertino_icons" from "https://pub.dev/api/packages/cupertino_icons"
IO  : HTTP GET https://pub.dev/api/packages/flutter_lints
    | Accept: application/vnd.pub.v2+json
    | user-agent: Dart pub 3.12.2
IO  : Attempt #7 for fetching versions for "flutter_lints" from "https://pub.dev/api/packages/flutter_lints"
[+19895 ms] Running 1 shutdown hook
[        ] Shutdown hooks complete
[   +3 ms] pub failed
           command: "/home/miki-m/flutter/bin/cache/dart-sdk/bin/dart pub --suppress-analytics get --verbose --example --directory ."
           pub env: {
             "FLUTTER_ROOT": "/home/miki-m/flutter",
             "PUB_ENVIRONMENT": "flutter_cli:get",
             "PUB_CACHE": "/tmp/fluttware-host-control.xeEYBU/home/.pub-cache",
           }
           exit code: -15

[   +2 ms] "flutter get" took 19,963ms.
[   +3 ms] Failed to update packages.
[   +1 ms] 
           #0      throwToolExit (package:flutter_tools/src/base/common.dart:34:3)
           #1      _DefaultPub._runWithStdioInherited (package:flutter_tools/src/dart/pub.dart:486:7)
           <asynchronous suspension>
           #2      _DefaultPub.interactively (package:flutter_tools/src/dart/pub.dart:559:5)
           <asynchronous suspension>
           #3      PackagesGetCommand.runCommand (package:flutter_tools/src/commands/packages.dart:298:7)
           <asynchronous suspension>
           #4      FlutterCommand.run.<anonymous closure> (package:flutter_tools/src/runner/flutter_command.dart:1630:27)
           <asynchronous suspension>
           #5      AppContext.run.<anonymous closure> (package:flutter_tools/src/base/context.dart:154:19)
           <asynchronous suspension>
           #6      CommandRunner.runCommand (package:args/command_runner.dart:212:13)
           <asynchronous suspension>
           #7      FlutterCommandRunner.runCommand.<anonymous closure> (package:flutter_tools/src/runner/flutter_command_runner.dart:496:9)
           <asynchronous suspension>
           #8      AppContext.run.<anonymous closure> (package:flutter_tools/src/base/context.dart:154:19)
           <asynchronous suspension>
           #9      FlutterCommandRunner.runCommand (package:flutter_tools/src/runner/flutter_command_runner.dart:431:5)
           <asynchronous suspension>
           #10     FlutterCommandRunner.run.<anonymous closure> (package:flutter_tools/src/runner/flutter_command_runner.dart:307:33)
           <asynchronous suspension>
           #11     run.<anonymous closure>.<anonymous closure> (package:flutter_tools/runner.dart:104:11)
           <asynchronous suspension>
           #12     AppContext.run.<anonymous closure> (package:flutter_tools/src/base/context.dart:154:19)
           <asynchronous suspension>
           #13     main (package:flutter_tools/executable.dart:103:3)
           <asynchronous suspension>


[   +3 ms] exiting with code 0

[exit_code=124]
